cargo :    Compiling ring v0.17.14
At line:1 char:1
+ cargo test --bin ask_pete_backend handlers::persona::tests > test_out ...
+ ~~~~~~~~~~~~~~~~~~~~~~~~~~~~~~~~~~~~~~~~~~~~~~~~~~~~~~~~~~~~~~~~~~~~~
    + CategoryInfo          : NotSpecified: (   Compiling ring v0.17.14:String) [], RemoteException
    + FullyQualifiedErrorId : NativeCommandError
 
   Compiling rustls v0.21.12
   Compiling bevy_ecs v0.14.2
   Compiling rav1e v0.8.1
   Compiling arrow-array v51.0.0
   Compiling bevy_math v0.14.2
   Compiling zstd-safe v7.2.4
   Compiling bevy_ecs v0.16.1
   Compiling libloading v0.7.4
   Compiling gpu-allocator v0.25.0
   Compiling d3d12 v0.20.0
   Compiling hassle-rs v0.11.0
   Compiling ntapi v0.4.1
   Compiling bevy_math v0.16.1
   Compiling rustls v0.23.35
   Compiling aws-smithy-http-tower v0.56.1
   Compiling aws-smithy-runtime-api v0.56.1
   Compiling wgpu-core v24.0.5
   Compiling aws-sigv4 v0.56.1
   Compiling quanta v0.11.1
   Compiling ring v0.16.20
   Compiling gemm-f32 v0.18.2
   Compiling lance-encoding v0.10.18
   Compiling gemm-f32 v0.17.1
   Compiling gemm-c32 v0.18.2
   Compiling gemm-c64 v0.18.2
   Compiling gemm-f64 v0.18.2
   Compiling parking_lot_core v0.8.6
   Compiling lance-file v0.10.18
   Compiling gemm-c32 v0.17.1
   Compiling gemm-c64 v0.17.1
   Compiling gemm-f64 v0.17.1
   Compiling lance-table v0.10.18
error: failed to run custom build command for `lance-encoding v0.10.18`

Caused by:
  process didn't exit successfully: `C:\Users\Trinity\Documents\daydream\Day_Dream\target\debug\build\lance-encoding-797b163f28adcc8a\build-script-build` (exit 
code: 1)
  --- stdout
  cargo:rerun-if-changed=protos

  --- stderr
  Error: Custom { kind: NotFound, error: "Could not find `protoc`. If `protoc` is installed, try setting the `PROTOC` environment variable to the path of the 
`protoc` binary. Try installing `protobuf-compiler` or `protobuf` using your package manager. It is also available at 
https://github.com/protocolbuffers/protobuf/releases  For more information: https://docs.rs/prost-build/#sourcing-protoc" }
warning: build failed, waiting for other jobs to finish...
error: failed to run custom build command for `lance-file v0.10.18`

Caused by:
  process didn't exit successfully: `C:\Users\Trinity\Documents\daydream\Day_Dream\target\debug\build\lance-file-a34eb5e9a425ee95\build-script-build` (exit 
code: 1)
  --- stdout
  cargo:rerun-if-changed=protos

  --- stderr
  Error: Custom { kind: NotFound, error: "Could not find `protoc`. If `protoc` is installed, try setting the `PROTOC` environment variable to the path of the 
`protoc` binary. Try installing `protobuf-compiler` or `protobuf` using your package manager. It is also available at 
https://github.com/protocolbuffers/protobuf/releases  For more information: https://docs.rs/prost-build/#sourcing-protoc" }
error: failed to run custom build command for `lance-table v0.10.18`

Caused by:
  process didn't exit successfully: `C:\Users\Trinity\Documents\daydream\Day_Dream\target\debug\build\lance-table-369b1e5a6509b7f0\build-script-build` (exit 
code: 1)
  --- stdout
  cargo:rerun-if-changed=protos

  --- stderr
  Error: Custom { kind: NotFound, error: "Could not find `protoc`. If `protoc` is installed, try setting the `PROTOC` environment variable to the path of the 
`protoc` binary. Try installing `protobuf-compiler` or `protobuf` using your package manager. It is also available at 
https://github.com/protocolbuffers/protobuf/releases  For more information: https://docs.rs/prost-build/#sourcing-protoc" }
